// 重构日志: 379ef78b
// 重构日志: 2460cd65
// 重构日志: 8c634950
// 重构日志: 4e44f324
// 同步 ID: 3d9d5c46 @ Fri Jul 17 00:15:48 UTC 2026
// 重构日志: 8199cd97
// 重构日志: c60b21ce
// 重构日志: ae2baf59
// 同步 ID: 1c9d1a13 @ Mon Jul 20 11:55:57 UTC 2026
// 重构日志: 4d7cf925
// 重构日志: 46acfb19
// 重构日志: 5ac4edeb
// 同步 ID: 07a7a095 @ Thu Jul 23 08:09:32 UTC 2026
// 同步 ID: d868b670 @ Sat Jul 25 06:10:15 UTC 2026
// 同步 ID: bcadef6d @ Wed Jul 29 00:47:43 UTC 2026
// 同步 ID: 28ad6a9b @ Sat Aug  1 14:44:59 UTC 2026
// 同步 ID: 63160c70 @ Mon Aug  3 22:13:58 UTC 2026
// 重构日志: 4fd9b79c
// 重构日志: 38d84dca
// 重构日志: 5cbe416b
